** Drc report for cryo-temp-alert.kicad_pcb **
** Created on 2026-09-08T17:42:08 **
** Report includes: Errors, Warnings **

** Found 32 DRC violations **
[nonmirrored_text_on_back_layer]: Non-Mirrored text on back layer
    Local override; warning
    @(4.0700 mm, -4.5000 mm): Referentieveld van C1
[nonmirrored_text_on_back_layer]: Non-Mirrored text on back layer
    Local override; warning
    @(6.9300 mm, -4.5000 mm): Waardeveld van C1 (100n)
[nonmirrored_text_on_back_layer]: Non-Mirrored text on back layer
    Local override; warning
    @(5.5000 mm, -4.5000 mm): Footprint-text van C1 (C1)
[nonmirrored_text_on_back_layer]: Non-Mirrored text on back layer
    Local override; warning
    @(2.0700 mm, -7.0000 mm): Referentieveld van C2
[nonmirrored_text_on_back_layer]: Non-Mirrored text on back layer
    Local override; warning
    @(4.9300 mm, -7.0000 mm): Waardeveld van C2 (100n)
[nonmirrored_text_on_back_layer]: Non-Mirrored text on back layer
    Local override; warning
    @(3.5000 mm, -7.0000 mm): Footprint-text van C2 (C2)
[nonmirrored_text_on_back_layer]: Non-Mirrored text on back layer
    Local override; warning
    @(-3.0000 mm, 4.2000 mm): Referentieveld van U1
[nonmirrored_text_on_back_layer]: Non-Mirrored text on back layer
    Local override; warning
    @(-3.0000 mm, -4.2000 mm): Waardeveld van U1 (STM32L011)
[nonmirrored_text_on_back_layer]: Non-Mirrored text on back layer
    Local override; warning
    @(-3.0000 mm, 0.0000 mm): Footprint-text van U1 (U1)
[nonmirrored_text_on_back_layer]: Non-Mirrored text on back layer
    Local override; warning
    @(0.0000 mm, 5.0500 mm): Referentieveld van U2
[nonmirrored_text_on_back_layer]: Non-Mirrored text on back layer
    Local override; warning
    @(0.0000 mm, 8.9500 mm): Waardeveld van U2 (TMP117xxDRV)
[nonmirrored_text_on_back_layer]: Non-Mirrored text on back layer
    Local override; warning
    @(0.0000 mm, 7.0000 mm): Footprint-text van U2 (U2)
[silk_overlap]: Silkscreen clearance
    Rule: beperkingen printplaatinstellingen voor silkscreen; warning
    @(-14.4300 mm, 2.0000 mm): Referentieveld van R4
    @(-13.5225 mm, 2.2373 mm): Segment van R4 op F.Silkscreen
[silk_overlap]: Silkscreen clearance
    Rule: beperkingen printplaatinstellingen voor silkscreen; warning
    @(-6.0000 mm, 11.0700 mm): Referentieveld van LED1
    @(-2.4000 mm, 11.6000 mm): Segment van BZ1 op F.Silkscreen
[silk_overlap]: Silkscreen clearance
    Rule: beperkingen printplaatinstellingen voor silkscreen; warning
    @(7.4775 mm, -7.7627 mm): Segment van R2 op F.Silkscreen
    @(6.5700 mm, -8.0000 mm): Referentieveld van R2
[silk_over_copper]: Silkscreen clipped by solder mask
    Local override; warning
    @(-14.4300 mm, 2.0000 mm): Referentieveld van R4
    @(-13.8250 mm, 2.0000 mm): Pad 1 [GND] van R4 op F.Cu
[silk_over_copper]: Silkscreen clipped by solder mask
    Local override; warning
    @(-13.5225 mm, 2.2373 mm): Segment van R4 op F.Silkscreen
    @(-13.8250 mm, 2.0000 mm): Pad 1 [GND] van R4 op F.Cu
[silk_over_copper]: Silkscreen clipped by solder mask
    Local override; warning
    @(-12.4775 mm, 2.2373 mm): Segment van R4 op F.Silkscreen
    @(-12.1750 mm, 2.0000 mm): Pad 2 [GND] van R4 op F.Cu
[silk_over_copper]: Silkscreen clipped by solder mask
    Local override; warning
    @(7.0700 mm, 2.5000 mm): Referentieveld van R1
    @(7.6750 mm, 2.5000 mm): Pad 1 [VCC] van R1 op F.Cu
[silk_over_copper]: Silkscreen clipped by solder mask
    Local override; warning
    @(7.9775 mm, 2.7373 mm): Segment van R1 op F.Silkscreen
    @(7.6750 mm, 2.5000 mm): Pad 1 [VCC] van R1 op F.Cu
[silk_over_copper]: Silkscreen clipped by solder mask
    Local override; warning
    @(9.0225 mm, 2.7373 mm): Segment van R1 op F.Silkscreen
    @(9.3250 mm, 2.5000 mm): Pad 2 [SDA] van R1 op F.Cu
[silk_over_copper]: Silkscreen clipped by solder mask
    Local override; warning
    @(6.5700 mm, -8.0000 mm): Referentieveld van R2
    @(7.1750 mm, -8.0000 mm): Pad 1 [VCC] van R2 op F.Cu
[silk_over_copper]: Silkscreen clipped by solder mask
    Local override; warning
    @(7.4775 mm, -7.7627 mm): Segment van R2 op F.Silkscreen
    @(7.1750 mm, -8.0000 mm): Pad 1 [VCC] van R2 op F.Cu
[silk_over_copper]: Silkscreen clipped by solder mask
    Local override; warning
    @(8.5225 mm, -7.7627 mm): Segment van R2 op F.Silkscreen
    @(8.8250 mm, -8.0000 mm): Pad 2 [SCL] van R2 op F.Cu
[silk_over_copper]: Silkscreen clipped by solder mask
    Local override; warning
    @(4.0700 mm, -4.5000 mm): Referentieveld van C1
    @(4.7250 mm, -4.5000 mm): Pad 1 [VCC] van C1 op B.Cu
[silk_over_copper]: Silkscreen clipped by solder mask
    Local override; warning
    @(4.9900 mm, -4.3594 mm): Segment van C1 op B.Silkscreen
    @(4.7250 mm, -4.5000 mm): Pad 1 [VCC] van C1 op B.Cu
[silk_over_copper]: Silkscreen clipped by solder mask
    Local override; warning
    @(6.0100 mm, -4.3594 mm): Segment van C1 op B.Silkscreen
    @(6.2750 mm, -4.5000 mm): Pad 2 [GND] van C1 op B.Cu
[silk_over_copper]: Silkscreen clipped by solder mask
    Local override; warning
    @(2.0700 mm, -7.0000 mm): Referentieveld van C2
    @(2.7250 mm, -7.0000 mm): Pad 1 [VDDA] van C2 op B.Cu
[silk_over_copper]: Silkscreen clipped by solder mask
    Local override; warning
    @(2.9900 mm, -6.8594 mm): Segment van C2 op B.Silkscreen
    @(2.7250 mm, -7.0000 mm): Pad 1 [VDDA] van C2 op B.Cu
[silk_over_copper]: Silkscreen clipped by solder mask
    Local override; warning
    @(4.0100 mm, -6.8594 mm): Segment van C2 op B.Silkscreen
    @(4.2750 mm, -7.0000 mm): Pad 2 [GND] van C2 op B.Cu
[silk_edge_clearance]: Silkscreen clipped by board edge
    Rule: beperkingen printplaatinstellingen voor silkscreen; warning
    @(0.0000 mm, 0.0000 mm): Cirkel op Edge.Cuts
    @(5.1200 mm, 15.5000 mm): Segment van J1 op F.Silkscreen
[silk_edge_clearance]: Silkscreen clipped by board edge
    Rule: beperkingen printplaatinstellingen voor silkscreen; warning
    @(0.0000 mm, 0.0000 mm): Cirkel op Edge.Cuts
    @(7.8800 mm, 7.7700 mm): Segment van J1 op F.Silkscreen

** Found 0 unconnected pads **

** Found 0 Footprint errors **

** Ignored checks **
    - Footprint has no courtyard defined
    - Track endpoint not centered on via
    - Tuning profile track geometries
    - Footprint doesn't match symbol's footprint filters
    - Footprint component type doesn't match footprint pads

** End of Report **
